#! /c/Source/iverilog-install/bin/vvp
:ivl_version "12.0 (devel)" "(s20150603-1539-g2693dd32b)";
:ivl_delay_selection "TYPICAL";
:vpi_time_precision - 12;
:vpi_module "C:\iverilog\lib\ivl\system.vpi";
:vpi_module "C:\iverilog\lib\ivl\vhdl_sys.vpi";
:vpi_module "C:\iverilog\lib\ivl\vhdl_textio.vpi";
:vpi_module "C:\iverilog\lib\ivl\v2005_math.vpi";
:vpi_module "C:\iverilog\lib\ivl\va_math.vpi";
:vpi_module "C:\iverilog\lib\ivl\v2009.vpi";
S_00000239c1dbd930 .scope package, "$unit" "$unit" 2 1;
 .timescale 0 0;
S_00000239c1dbdac0 .scope module, "BarrelLeftShifterTb" "BarrelLeftShifterTb" 3 3;
 .timescale -9 -12;
P_00000239c1db6fc0 .param/l "DATA_W" 1 3 4, C4<00000000000000000000000000100000>;
P_00000239c1db6ff8 .param/l "SHIFT_W" 1 3 5, C4<00000000000000000000000000000101>;
v00000239c1d243d0_0 .var "data_in", 31 0;
v00000239c1d23f70_0 .net "data_out", 31 0, L_00000239c1ccaa40;  1 drivers
v00000239c1d23a70_0 .var "shift_amount", 4 0;
S_00000239c1db6670 .scope begin, "$ivl_for_loop0" "$ivl_for_loop0" 3 44, 3 44 0, S_00000239c1dbdac0;
 .timescale -9 -12;
v00000239c1cc0c20_0 .var/2u "t", 31 0;
S_00000239c1cc26b0 .scope autotask, "check" "check" 3 20, 3 20 0, S_00000239c1dbdac0;
 .timescale -9 -12;
v00000239c1cc1760_0 .var "d", 31 0;
v00000239c1cc1260_0 .var "exp", 31 0;
v00000239c1cc1800_0 .var "s", 4 0;
TD_BarrelLeftShifterTb.check ;
    %load/vec4 v00000239c1cc1760_0;
    %store/vec4 v00000239c1d243d0_0, 0, 32;
    %load/vec4 v00000239c1cc1800_0;
    %store/vec4 v00000239c1d23a70_0, 0, 5;
    %delay 1000, 0;
    %load/vec4 v00000239c1cc1760_0;
    %ix/getv 4, v00000239c1cc1800_0;
    %shiftl 4;
    %store/vec4 v00000239c1cc1260_0, 0, 32;
    %load/vec4 v00000239c1d23f70_0;
    %load/vec4 v00000239c1cc1260_0;
    %cmp/ne;
    %jmp/0xz  T_0.0, 6;
    %vpi_call/w 3 27 "$display", "ERROR BarrelLeftShifter: d=%h s=%0d exp=%h got=%h", v00000239c1cc1760_0, v00000239c1cc1800_0, v00000239c1cc1260_0, v00000239c1d23f70_0 {0 0 0};
    %vpi_call/w 3 28 "$fatal", 32'sb00000000000000000000000000000001 {0 0 0};
T_0.0 ;
    %end;
S_00000239c1cc49e0 .scope module, "dut" "BarrelLeftShifter" 3 14, 4 8 0, S_00000239c1dbdac0;
 .timescale -9 -12;
    .port_info 0 /INPUT 32 "data_in";
    .port_info 1 /INPUT 5 "shift_amount";
    .port_info 2 /OUTPUT 32 "data_out";
P_00000239c1cb6740 .param/l "DATA_W" 0 4 9, C4<00000000000000000000000000100000>;
P_00000239c1cb6778 .param/l "SHIFT_W" 0 4 10, C4<00000000000000000000000000000101>;
L_00000239c1cca9d0 .functor BUFZ 32, v00000239c1d243d0_0, C4<00000000000000000000000000000000>, C4<00000000000000000000000000000000>, C4<00000000000000000000000000000000>;
L_00000239c1ccaa40 .functor BUFZ 32, L_00000239c1d24150, C4<00000000000000000000000000000000>, C4<00000000000000000000000000000000>, C4<00000000000000000000000000000000>;
v00000239c1d241f0_0 .net "data_in", 31 0, v00000239c1d243d0_0;  1 drivers
v00000239c1d23390_0 .net "data_out", 31 0, L_00000239c1ccaa40;  alias, 1 drivers
v00000239c1d23bb0_0 .net "shift_amount", 4 0, v00000239c1d23a70_0;  1 drivers
v00000239c1d23930 .array "stage", 0 5;
v00000239c1d23930_0 .net v00000239c1d23930 0, 31 0, L_00000239c1cca9d0; 1 drivers
v00000239c1d23930_1 .net v00000239c1d23930 1, 31 0, L_00000239c1d24b50; 1 drivers
v00000239c1d23930_2 .net v00000239c1d23930 2, 31 0, L_00000239c1d24010; 1 drivers
v00000239c1d23930_3 .net v00000239c1d23930 3, 31 0, L_00000239c1d240b0; 1 drivers
v00000239c1d23930_4 .net v00000239c1d23930 4, 31 0, L_00000239c1d24c90; 1 drivers
v00000239c1d23930_5 .net v00000239c1d23930 5, 31 0, L_00000239c1d24150; 1 drivers
L_00000239c1d24ab0 .part v00000239c1d23a70_0, 0, 1;
L_00000239c1d237f0 .part v00000239c1d23a70_0, 1, 1;
L_00000239c1d24bf0 .part v00000239c1d23a70_0, 2, 1;
L_00000239c1d246f0 .part v00000239c1d23a70_0, 3, 1;
L_00000239c1d23750 .part v00000239c1d23a70_0, 4, 1;
S_00000239c1db6800 .scope generate, "gen_stage[0]" "gen_stage[0]" 4 21, 4 21 0, S_00000239c1cc49e0;
 .timescale -9 -12;
P_00000239c1cc3920 .param/l "i" 0 4 21, +C4<00>;
v00000239c1cc13a0_0 .net *"_ivl_1", 0 0, L_00000239c1d24ab0;  1 drivers
v00000239c1cc1440_0 .net *"_ivl_3", 31 0, L_00000239c1d23c50;  1 drivers
v00000239c1cc18a0_0 .net *"_ivl_5", 30 0, L_00000239c1d23e30;  1 drivers
L_00000239c1d24db8 .functor BUFT 1, C4<0>, C4<0>, C4<0>, C4<0>;
v00000239c1cc0b80_0 .net *"_ivl_7", 0 0, L_00000239c1d24db8;  1 drivers
L_00000239c1d23e30 .part L_00000239c1cca9d0, 0, 31;
L_00000239c1d23c50 .concat [ 1 31 0 0], L_00000239c1d24db8, L_00000239c1d23e30;
L_00000239c1d24b50 .functor MUXZ 32, L_00000239c1cca9d0, L_00000239c1d23c50, L_00000239c1d24ab0, C4<>;
S_00000239c1db6990 .scope generate, "gen_stage[1]" "gen_stage[1]" 4 21, 4 21 0, S_00000239c1cc49e0;
 .timescale -9 -12;
P_00000239c1cc3ce0 .param/l "i" 0 4 21, +C4<01>;
v00000239c1cc19e0_0 .net *"_ivl_1", 0 0, L_00000239c1d237f0;  1 drivers
v00000239c1cc0cc0_0 .net *"_ivl_3", 31 0, L_00000239c1d236b0;  1 drivers
v00000239c1cc0d60_0 .net *"_ivl_5", 29 0, L_00000239c1d24330;  1 drivers
L_00000239c1d24e00 .functor BUFT 1, C4<00>, C4<0>, C4<0>, C4<0>;
v00000239c1cc0ae0_0 .net *"_ivl_7", 1 0, L_00000239c1d24e00;  1 drivers
L_00000239c1d24330 .part L_00000239c1d24b50, 0, 30;
L_00000239c1d236b0 .concat [ 2 30 0 0], L_00000239c1d24e00, L_00000239c1d24330;
L_00000239c1d24010 .functor MUXZ 32, L_00000239c1d24b50, L_00000239c1d236b0, L_00000239c1d237f0, C4<>;
S_00000239c1d228f0 .scope generate, "gen_stage[2]" "gen_stage[2]" 4 21, 4 21 0, S_00000239c1cc49e0;
 .timescale -9 -12;
P_00000239c1cc2f60 .param/l "i" 0 4 21, +C4<010>;
v00000239c1cc0f40_0 .net *"_ivl_1", 0 0, L_00000239c1d24bf0;  1 drivers
v00000239c1cc1300_0 .net *"_ivl_3", 31 0, L_00000239c1d23890;  1 drivers
v00000239c1cc0e00_0 .net *"_ivl_5", 27 0, L_00000239c1d23070;  1 drivers
L_00000239c1d24e48 .functor BUFT 1, C4<0000>, C4<0>, C4<0>, C4<0>;
v00000239c1cc14e0_0 .net *"_ivl_7", 3 0, L_00000239c1d24e48;  1 drivers
L_00000239c1d23070 .part L_00000239c1d24010, 0, 28;
L_00000239c1d23890 .concat [ 4 28 0 0], L_00000239c1d24e48, L_00000239c1d23070;
L_00000239c1d240b0 .functor MUXZ 32, L_00000239c1d24010, L_00000239c1d23890, L_00000239c1d24bf0, C4<>;
S_00000239c1d22a80 .scope generate, "gen_stage[3]" "gen_stage[3]" 4 21, 4 21 0, S_00000239c1cc49e0;
 .timescale -9 -12;
P_00000239c1cc3d60 .param/l "i" 0 4 21, +C4<011>;
v00000239c1cc1620_0 .net *"_ivl_1", 0 0, L_00000239c1d246f0;  1 drivers
v00000239c1cc0ea0_0 .net *"_ivl_3", 31 0, L_00000239c1d24290;  1 drivers
v00000239c1cc0fe0_0 .net *"_ivl_5", 23 0, L_00000239c1d24790;  1 drivers
L_00000239c1d24e90 .functor BUFT 1, C4<00000000>, C4<0>, C4<0>, C4<0>;
v00000239c1cc1080_0 .net *"_ivl_7", 7 0, L_00000239c1d24e90;  1 drivers
L_00000239c1d24790 .part L_00000239c1d240b0, 0, 24;
L_00000239c1d24290 .concat [ 8 24 0 0], L_00000239c1d24e90, L_00000239c1d24790;
L_00000239c1d24c90 .functor MUXZ 32, L_00000239c1d240b0, L_00000239c1d24290, L_00000239c1d246f0, C4<>;
S_00000239c1d22c10 .scope generate, "gen_stage[4]" "gen_stage[4]" 4 21, 4 21 0, S_00000239c1cc49e0;
 .timescale -9 -12;
P_00000239c1cc3020 .param/l "i" 0 4 21, +C4<0100>;
v00000239c1cc16c0_0 .net *"_ivl_1", 0 0, L_00000239c1d23750;  1 drivers
v00000239c1cc1120_0 .net *"_ivl_3", 31 0, L_00000239c1d23250;  1 drivers
v00000239c1d23ed0_0 .net *"_ivl_5", 15 0, L_00000239c1d23430;  1 drivers
L_00000239c1d24ed8 .functor BUFT 1, C4<0000000000000000>, C4<0>, C4<0>, C4<0>;
v00000239c1d24470_0 .net *"_ivl_7", 15 0, L_00000239c1d24ed8;  1 drivers
L_00000239c1d23430 .part L_00000239c1d24c90, 0, 16;
L_00000239c1d23250 .concat [ 16 16 0 0], L_00000239c1d24ed8, L_00000239c1d23430;
L_00000239c1d24150 .functor MUXZ 32, L_00000239c1d24c90, L_00000239c1d23250, L_00000239c1d23750, C4<>;
    .scope S_00000239c1dbdac0;
T_1 ;
    %vpi_call/w 3 33 "$dumpfile", "shift/barrel_left_shifter/BarrelLeftShifter.vcd" {0 0 0};
    %vpi_call/w 3 34 "$dumpvars", 32'sb00000000000000000000000000000000, S_00000239c1dbdac0 {0 0 0};
    %pushi/vec4 0, 0, 32;
    %store/vec4 v00000239c1d243d0_0, 0, 32;
    %pushi/vec4 0, 0, 5;
    %store/vec4 v00000239c1d23a70_0, 0, 5;
    %delay 1000, 0;
    %alloc S_00000239c1cc26b0;
    %pushi/vec4 1, 0, 32;
    %store/vec4 v00000239c1cc1760_0, 0, 32;
    %pushi/vec4 5, 0, 5;
    %store/vec4 v00000239c1cc1800_0, 0, 5;
    %fork TD_BarrelLeftShifterTb.check, S_00000239c1cc26b0;
    %join;
    %free S_00000239c1cc26b0;
    %alloc S_00000239c1cc26b0;
    %pushi/vec4 305419896, 0, 32;
    %store/vec4 v00000239c1cc1760_0, 0, 32;
    %pushi/vec4 8, 0, 5;
    %store/vec4 v00000239c1cc1800_0, 0, 5;
    %fork TD_BarrelLeftShifterTb.check, S_00000239c1cc26b0;
    %join;
    %free S_00000239c1cc26b0;
    %alloc S_00000239c1cc26b0;
    %pushi/vec4 4294967295, 0, 32;
    %store/vec4 v00000239c1cc1760_0, 0, 32;
    %pushi/vec4 31, 0, 5;
    %store/vec4 v00000239c1cc1800_0, 0, 5;
    %fork TD_BarrelLeftShifterTb.check, S_00000239c1cc26b0;
    %join;
    %free S_00000239c1cc26b0;
    %fork t_1, S_00000239c1db6670;
    %jmp t_0;
    .scope S_00000239c1db6670;
t_1 ;
    %pushi/vec4 0, 0, 32;
    %store/vec4 v00000239c1cc0c20_0, 0, 32;
T_1.0 ;
    %load/vec4 v00000239c1cc0c20_0;
    %cmpi/u 200, 0, 32;
    %jmp/0xz T_1.1, 5;
    %alloc S_00000239c1cc26b0;
    %vpi_func 3 45 "$urandom" 32 {0 0 0};
    %store/vec4 v00000239c1cc1760_0, 0, 32;
    %vpi_func 3 45 "$urandom_range" 32, 32'b00000000000000000000000000011111, 32'sb00000000000000000000000000000000 {0 0 0};
    %pad/u 5;
    %store/vec4 v00000239c1cc1800_0, 0, 5;
    %fork TD_BarrelLeftShifterTb.check, S_00000239c1cc26b0;
    %join;
    %free S_00000239c1cc26b0;
    ; show_stmt_assign_vector: Get l-value for compressed += operand
    %load/vec4 v00000239c1cc0c20_0;
    %pushi/vec4 1, 0, 32;
    %add;
    %cast2;
    %store/vec4 v00000239c1cc0c20_0, 0, 32;
    %jmp T_1.0;
T_1.1 ;
    %end;
    .scope S_00000239c1dbdac0;
t_0 %join;
    %vpi_call/w 3 48 "$display", "PASS: BarrelLeftShifterTb" {0 0 0};
    %vpi_call/w 3 49 "$finish" {0 0 0};
    %end;
    .thread T_1;
# The file index is used to find the file name in the following table.
:file_names 5;
    "N/A";
    "<interactive>";
    "-";
    "shift/barrel_left_shifter/BarrelLeftShifterTb.sv";
    "shift/barrel_left_shifter/BarrelLeftShifter.sv";
